
> loans-management-backend@1.0.0 build
> npx prisma generate && tsc

Environment variables loaded from .env
Prisma schema loaded from prisma\schema.prisma

Γ£ö Generated Prisma Client (v5.22.0) to .\node_modules\@prisma\client in 126ms

Start by importing your Prisma Client (See: https://pris.ly/d/importing-client)

Tip: Want to react to database changes in your app as they happen? Discover how with Pulse: https://pris.ly/tip-1-pulse

src/controllers/loans.controller.ts(10,10): error TS2305: Module '"@prisma/client"' has no exported member 'LoanStatus'.
src/controllers/members.controller.ts(65,54): error TS2345: Argument of type '{ phoneNumber?: string | undefined; fullName?: string | undefined; isActive?: boolean | undefined; idNumber?: string | null | undefined; totalContributions?: number | undefined; }' is not assignable to parameter of type 'UpdateMemberInput'.
  Types of property 'idNumber' are incompatible.
    Type 'string | null | undefined' is not assignable to type 'string | undefined'.
      Type 'null' is not assignable to type 'string | undefined'.
src/controllers/payments.controller.ts(51,27): error TS2304: Cannot find name 'AuthRequest'.
src/services/dashboard.service.ts(16,38): error TS2353: Object literal may only specify known properties, and 'deletedAt' does not exist in type 'MemberWhereInput'.
src/services/loans.service.ts(3,15): error TS2305: Module '"@prisma/client"' has no exported member 'LoanStatus'.
src/services/reports.service.ts(43,18): error TS2339: Property 'createdAt' does not exist on type '{ loan: { member: { id: string; phoneNumber: string; fullName: string; isActive: boolean; createdAt: Date; updatedAt: Date; idNumber: string; totalContributions: number; }; } & { type: LoanType; ... 12 more ...; memberId: string; }; } & { ...; }'.
